No RNA chains found. file = 5N90.cif
No RNA chains found. file = 5N8Z.cif
No RNA chains found. file = 3UKG.cif
No RNA chains found. file = 5N9E.cif
No RNA chains found. file = 7ALU.cif
No RNA chains found. file = 1IGN.cif
No RNA chains found. file = 5N9F.cif
No RNA chains found. file = 1DX0.cif
No RNA chains found. file = 5N98.cif
No RNA chains found. file = 5N8U.cif
No RNA chains found. file = 2L42.cif
No RNA chains found. file = 8PNK.cif
No RNA chains found. file = 5N9A.cif
No RNA chains found. file = 5UA3.cif
No RNA chains found. file = 5N9D.cif
No RNA chains found. file = 5N8R.cif
No RNA chains found. file = 6Q6R.cif
No RNA chains found. file = 5N8S.cif
No RNA chains found. file = 4GFB.cif
No RNA chains found. file = 5N96.cif
No RNA chains found. file = 3CZ6.cif
No RNA chains found. file = 1SKH.cif
No RNA chains found. file = 6H1K.cif
No RNA chains found. file = 1DX1.cif
No RNA chains found. file = 4KI2.cif
No RNA chains found. file = 1DWZ.cif
No RNA chains found. file = 6HPT.cif
No RNA chains found. file = 9CB5.cif
No RNA chains found. file = 8ARK.cif
No RNA chains found. file = 1DWY.cif
No RNA chains found. file = 6LDM.cif
No RNA chains found. file = 1OZ8.cif
